#
# There is insufficient memory for the Java Runtime Environment to continue.
# Native memory allocation (malloc) failed to allocate 1941136 bytes. Error detail: Chunk::new
# Possible reasons:
#   The system is out of physical RAM or swap space
#   This process is running with CompressedOops enabled, and the Java Heap may be blocking the growth of the native heap
# Possible solutions:
#   Reduce memory load on the system
#   Increase physical memory or swap space
#   Check if swap backing store is full
#   Decrease Java heap size (-Xmx/-Xms)
#   Decrease number of Java threads
#   Decrease Java thread stack sizes (-Xss)
#   Set larger code cache with -XX:ReservedCodeCacheSize=
#   JVM is running with Unscaled Compressed Oops mode in which the Java heap is
#     placed in the first 4GB address space. The Java Heap base address is the
#     maximum limit for the native heap growth. Please use -XX:HeapBaseMinAddress
#     to set the Java Heap base and to place the Java Heap above 4GB virtual address.
# This output file may be truncated or incomplete.
#
#  Out of Memory Error (arena.cpp:191), pid=21484, tid=29260
#
# JRE version: OpenJDK Runtime Environment Temurin-17.0.12+7 (17.0.12+7) (build 17.0.12+7)
# Java VM: OpenJDK 64-Bit Server VM Temurin-17.0.12+7 (17.0.12+7, mixed mode, sharing, tiered, compressed oops, compressed class ptrs, parallel gc, windows-amd64)
# No core dump will be written. Minidumps are not enabled by default on client versions of Windows
#

---------------  S U M M A R Y ------------

Command Line: --add-modules=ALL-SYSTEM --add-opens=java.base/java.util=ALL-UNNAMED --add-opens=java.base/java.lang=ALL-UNNAMED --add-opens=java.base/sun.nio.fs=ALL-UNNAMED -Declipse.application=org.eclipse.jdt.ls.core.id1 -Dosgi.bundles.defaultStartLevel=4 -Declipse.product=org.eclipse.jdt.ls.core.product -Djava.import.generatesMetadataFilesAtProjectRoot=false -DDetectVMInstallationsJob.disabled=true -Dfile.encoding=utf8 -XX:+UseParallelGC -XX:GCTimeRatio=4 -XX:AdaptiveSizePolicyWeight=90 -Dsun.zip.disableMemoryMapping=true -Xmx1G -Xms100m -Xlog:disable -javaagent:c:\Users\Public\wpilib\2025\vscode\data\extensions\redhat.java-1.38.0\lombok\lombok-1.18.34.jar c:\Users\Public\wpilib\2025\vscode\data\extensions\redhat.java-1.38.0\server\plugins\org.eclipse.equinox.launcher_1.6.900.v20240613-2009.jar -configuration c:\Users\Public\wpilib\2025\vscode\data\user-data\User\globalStorage\redhat.java\1.38.0\config_ss_win -data c:\Users\Public\wpilib\2025\vscode\data\user-data\User\workspaceStorage\2525eb747b7a99be1ce0f367022c7b54\redhat.java\ss_ws --pipe=\\.\pipe\lsp-02a5f62c7afb51d71b3656a881e336a7-sock

Host: 12th Gen Intel(R) Core(TM) i5-1235U, 12 cores, 7G,  Windows 11 , 64 bit Build 26100 (10.0.26100.6725)
Time: Wed Oct 22 19:47:57 2025 Pacific Daylight Time elapsed time: 10.739436 seconds (0d 0h 0m 10s)

---------------  T H R E A D  ---------------

Current thread (0x0000026a7025c9a0):  JavaThread "C2 CompilerThread0" daemon [_thread_in_native, id=29260, stack(0x0000007b82100000,0x0000007b82200000)]


Current CompileTask:
C2:  10739 2307       4       org.lombokweb.asm.ClassReader::readMethod (1066 bytes)

Stack: [0x0000007b82100000,0x0000007b82200000]
Native frames: (J=compiled Java code, j=interpreted, Vv=VM code, C=native code)
V  [jvm.dll+0x67f929]
V  [jvm.dll+0x8371ba]
V  [jvm.dll+0x838c7e]
V  [jvm.dll+0x8392e3]
V  [jvm.dll+0x24834f]
V  [jvm.dll+0xac9d4]
V  [jvm.dll+0xad01c]
V  [jvm.dll+0x367452]
V  [jvm.dll+0x1bd376]
V  [jvm.dll+0x21aa09]
V  [jvm.dll+0x219cf1]
V  [jvm.dll+0x1a58bd]
V  [jvm.dll+0x229a2d]
V  [jvm.dll+0x227bdc]
V  [jvm.dll+0x7ec1f7]
V  [jvm.dll+0x7e65dc]
V  [jvm.dll+0x67e7f7]
C  [ucrtbase.dll+0x37b0]
C  [KERNEL32.DLL+0x2e8d7]
C  [ntdll.dll+0x8c53c]


---------------  P R O C E S S  ---------------

Threads class SMR info:
_java_thread_list=0x0000026a71b71300, length=21, elements={
0x0000026a12e9b000, 0x0000026a2db682b0, 0x0000026a2db6a4b0, 0x0000026a2db7d720,
0x0000026a2db7e1f0, 0x0000026a70255ff0, 0x0000026a70259ce0, 0x0000026a7025c9a0,
0x0000026a7025ff50, 0x0000026a70272b60, 0x0000026a12efde60, 0x0000026a704e2070,
0x0000026a717af0a0, 0x0000026a718223f0, 0x0000026a71ac0d10, 0x0000026a71a6c5a0,
0x0000026a718b7cd0, 0x0000026a7043a2e0, 0x0000026a7043a7f0, 0x0000026a704393b0,
0x0000026a704398c0
}

Java Threads: ( => current thread )
  0x0000026a12e9b000 JavaThread "main" [_thread_blocked, id=19496, stack(0x0000007b81800000,0x0000007b81900000)]
  0x0000026a2db682b0 JavaThread "Reference Handler" daemon [_thread_blocked, id=23376, stack(0x0000007b81b00000,0x0000007b81c00000)]
  0x0000026a2db6a4b0 JavaThread "Finalizer" daemon [_thread_blocked, id=28308, stack(0x0000007b81c00000,0x0000007b81d00000)]
  0x0000026a2db7d720 JavaThread "Signal Dispatcher" daemon [_thread_blocked, id=30616, stack(0x0000007b81d00000,0x0000007b81e00000)]
  0x0000026a2db7e1f0 JavaThread "Attach Listener" daemon [_thread_blocked, id=22928, stack(0x0000007b81e00000,0x0000007b81f00000)]
  0x0000026a70255ff0 JavaThread "Service Thread" daemon [_thread_blocked, id=3120, stack(0x0000007b81f00000,0x0000007b82000000)]
  0x0000026a70259ce0 JavaThread "Monitor Deflation Thread" daemon [_thread_blocked, id=21512, stack(0x0000007b82000000,0x0000007b82100000)]
=>0x0000026a7025c9a0 JavaThread "C2 CompilerThread0" daemon [_thread_in_native, id=29260, stack(0x0000007b82100000,0x0000007b82200000)]
  0x0000026a7025ff50 JavaThread "C1 CompilerThread0" daemon [_thread_blocked, id=12200, stack(0x0000007b82200000,0x0000007b82300000)]
  0x0000026a70272b60 JavaThread "Sweeper thread" daemon [_thread_blocked, id=1976, stack(0x0000007b82300000,0x0000007b82400000)]
  0x0000026a12efde60 JavaThread "Common-Cleaner" daemon [_thread_blocked, id=8508, stack(0x0000007b82400000,0x0000007b82500000)]
  0x0000026a704e2070 JavaThread "Notification Thread" daemon [_thread_blocked, id=19320, stack(0x0000007b82500000,0x0000007b82600000)]
  0x0000026a717af0a0 JavaThread "Active Thread: Equinox Container: bbd9b58d-abae-483a-9960-c2844c0ef407" [_thread_blocked, id=27780, stack(0x0000007b82c00000,0x0000007b82d00000)]
  0x0000026a718223f0 JavaThread "Framework Event Dispatcher: Equinox Container: bbd9b58d-abae-483a-9960-c2844c0ef407" daemon [_thread_blocked, id=17056, stack(0x0000007b82d00000,0x0000007b82e00000)]
  0x0000026a71ac0d10 JavaThread "Start Level: Equinox Container: bbd9b58d-abae-483a-9960-c2844c0ef407" daemon [_thread_in_native, id=5068, stack(0x0000007b82e00000,0x0000007b82f00000)]
  0x0000026a71a6c5a0 JavaThread "SCR Component Actor" daemon [_thread_blocked, id=13140, stack(0x0000007b82f00000,0x0000007b83000000)]
  0x0000026a718b7cd0 JavaThread "SCR Component Registry" daemon [_thread_blocked, id=29784, stack(0x0000007b83200000,0x0000007b83300000)]
  0x0000026a7043a2e0 JavaThread "Worker-JM" [_thread_blocked, id=13180, stack(0x0000007b83300000,0x0000007b83400000)]
  0x0000026a7043a7f0 JavaThread "Worker-0" [_thread_blocked, id=25576, stack(0x0000007b83600000,0x0000007b83700000)]
  0x0000026a704393b0 JavaThread "Worker-1" [_thread_blocked, id=24388, stack(0x0000007b83700000,0x0000007b83800000)]
  0x0000026a704398c0 JavaThread "Worker-2" [_thread_blocked, id=30224, stack(0x0000007b83800000,0x0000007b83900000)]

Other Threads:
  0x0000026a12f4ec40 VMThread "VM Thread" [stack: 0x0000007b81a00000,0x0000007b81b00000] [id=17700]
  0x0000026a704b5ea0 WatcherThread [stack: 0x0000007b82600000,0x0000007b82700000] [id=28384]
  0x0000026a12eaf560 GCTaskThread "GC Thread#0" [stack: 0x0000007b81900000,0x0000007b81a00000] [id=28324]
  0x0000026a71949ee0 GCTaskThread "GC Thread#1" [stack: 0x0000007b82700000,0x0000007b82800000] [id=15228]
  0x0000026a7194a5b0 GCTaskThread "GC Thread#2" [stack: 0x0000007b82800000,0x0000007b82900000] [id=12012]
  0x0000026a7194a870 GCTaskThread "GC Thread#3" [stack: 0x0000007b82900000,0x0000007b82a00000] [id=8892]
  0x0000026a7194ab30 GCTaskThread "GC Thread#4" [stack: 0x0000007b82a00000,0x0000007b82b00000] [id=30444]
  0x0000026a71965450 GCTaskThread "GC Thread#5" [stack: 0x0000007b82b00000,0x0000007b82c00000] [id=14804]
  0x0000026a71808560 GCTaskThread "GC Thread#6" [stack: 0x0000007b83000000,0x0000007b83100000] [id=3044]
  0x0000026a71abd190 GCTaskThread "GC Thread#7" [stack: 0x0000007b83100000,0x0000007b83200000] [id=2032]
  0x0000026a7161f610 GCTaskThread "GC Thread#8" [stack: 0x0000007b83400000,0x0000007b83500000] [id=5576]
  0x0000026a719106f0 GCTaskThread "GC Thread#9" [stack: 0x0000007b83500000,0x0000007b83600000] [id=16148]

Threads with active compile tasks:
C2 CompilerThread0    10886 2307       4       org.lombokweb.asm.ClassReader::readMethod (1066 bytes)

VM state: not at safepoint (normal execution)

VM Mutex/Monitor currently owned by a thread: None

Heap address: 0x00000000c0000000, size: 1024 MB, Compressed Oops mode: 32-bit

CDS archive(s) mapped at: [0x0000026a2e000000-0x0000026a2ebb0000-0x0000026a2ebb0000), size 12255232, SharedBaseAddress: 0x0000026a2e000000, ArchiveRelocationMode: 1.
Compressed class space mapped at: 0x0000026a2f000000-0x0000026a6f000000, reserved size: 1073741824
Narrow klass base: 0x0000026a2e000000, Narrow klass shift: 0, Narrow klass range: 0x100000000

GC Precious Log:
 CPUs: 12 total, 12 available
 Memory: 7916M
 Large Page Support: Disabled
 NUMA Support: Disabled
 Compressed Oops: Enabled (32-bit)
 Alignments: Space 512K, Generation 512K, Heap 2M
 Heap Min Capacity: 100M
 Heap Initial Capacity: 100M
 Heap Max Capacity: 1G
 Pre-touch: Disabled
 Parallel Workers: 10

Heap:
 PSYoungGen      total 29696K, used 12484K [0x00000000eab00000, 0x00000000ecc00000, 0x0000000100000000)
  eden space 25600K, 32% used [0x00000000eab00000,0x00000000eb331a78,0x00000000ec400000)
  from space 4096K, 99% used [0x00000000ec400000,0x00000000ec7ff630,0x00000000ec800000)
  to   space 4096K, 0% used [0x00000000ec800000,0x00000000ec800000,0x00000000ecc00000)
 ParOldGen       total 68608K, used 7005K [0x00000000c0000000, 0x00000000c4300000, 0x00000000eab00000)
  object space 68608K, 10% used [0x00000000c0000000,0x00000000c06d77c0,0x00000000c4300000)
 Metaspace       used 19964K, committed 20480K, reserved 1114112K
  class space    used 1846K, committed 2112K, reserved 1048576K

Card table byte_map: [0x0000026a2b410000,0x0000026a2b620000] _byte_map_base: 0x0000026a2ae10000

Marking Bits: (ParMarkBitMap*) 0x00007ffc0e4458b0
 Begin Bits: [0x0000026a2b780000, 0x0000026a2c780000)
 End Bits:   [0x0000026a2c780000, 0x0000026a2d780000)

Polling page: 0x0000026a12f50000

Metaspace:

Usage:
  Non-class:     17.69 MB used.
      Class:      1.80 MB used.
       Both:     19.50 MB used.

Virtual space:
  Non-class space:       64.00 MB reserved,      17.94 MB ( 28%) committed,  1 nodes.
      Class space:        1.00 GB reserved,       2.06 MB ( <1%) committed,  1 nodes.
             Both:        1.06 GB reserved,      20.00 MB (  2%) committed. 

Chunk freelists:
   Non-Class:  13.95 MB
       Class:  13.99 MB
        Both:  27.94 MB

MaxMetaspaceSize: unlimited
CompressedClassSpaceSize: 1.00 GB
Initial GC threshold: 21.00 MB
Current GC threshold: 21.00 MB
CDS: on
MetaspaceReclaimPolicy: balanced
 - commit_granule_bytes: 65536.
 - commit_granule_words: 8192.
 - virtual_space_node_default_size: 8388608.
 - enlarge_chunks_in_place: 1.
 - new_chunks_are_fully_committed: 0.
 - uncommit_free_chunks: 1.
 - use_allocation_guard: 0.
 - handle_deallocations: 1.


Internal statistics:

num_allocs_failed_limit: 0.
num_arena_births: 282.
num_arena_deaths: 0.
num_vsnodes_births: 2.
num_vsnodes_deaths: 0.
num_space_committed: 320.
num_space_uncommitted: 0.
num_chunks_returned_to_freelist: 0.
num_chunks_taken_from_freelist: 979.
num_chunk_merges: 0.
num_chunk_splits: 657.
num_chunks_enlarged: 451.
num_inconsistent_stats: 0.

CodeHeap 'non-profiled nmethods': size=120000Kb used=919Kb max_used=919Kb free=119080Kb
 bounds [0x0000026a23df0000, 0x0000026a24060000, 0x0000026a2b320000]
CodeHeap 'profiled nmethods': size=120000Kb used=4634Kb max_used=4634Kb free=115365Kb
 bounds [0x0000026a1c320000, 0x0000026a1c7b0000, 0x0000026a23850000]
CodeHeap 'non-nmethods': size=5760Kb used=1227Kb max_used=1229Kb free=4532Kb
 bounds [0x0000026a23850000, 0x0000026a23ac0000, 0x0000026a23df0000]
 total_blobs=2893 nmethods=2354 adapters=453
 compilation: enabled
              stopped_count=0, restarted_count=0
 full_count=0

Compilation events (20 events):
Event: 9.671 Thread 0x0000026a7025ff50 nmethod 2341 0x0000026a1c791110 code [0x0000026a1c7912a0, 0x0000026a1c7913f8]
Event: 9.671 Thread 0x0000026a7025ff50 2343       3       org.eclipse.core.internal.preferences.ImmutableMap$ArrayMap::<init> (50 bytes)
Event: 9.671 Thread 0x0000026a7025ff50 nmethod 2343 0x0000026a1c791490 code [0x0000026a1c791660, 0x0000026a1c791a98]
Event: 9.671 Thread 0x0000026a7025ff50 2345       3       org.eclipse.core.internal.preferences.ImmutableMap$ArrayMap::put (138 bytes)
Event: 9.672 Thread 0x0000026a7025ff50 nmethod 2345 0x0000026a1c791c10 code [0x0000026a1c791e20, 0x0000026a1c792458]
Event: 9.672 Thread 0x0000026a7025ff50 2342   !   3       org.eclipse.core.internal.preferences.EclipsePreferences::internalPut (87 bytes)
Event: 9.673 Thread 0x0000026a7025ff50 nmethod 2342 0x0000026a1c792790 code [0x0000026a1c7929e0, 0x0000026a1c793268]
Event: 9.673 Thread 0x0000026a7025ff50 2344       3       org.eclipse.core.internal.preferences.EclipsePreferences::put (43 bytes)
Event: 9.673 Thread 0x0000026a7025ff50 nmethod 2344 0x0000026a1c793810 code [0x0000026a1c793a40, 0x0000026a1c7944b8]
Event: 9.674 Thread 0x0000026a7025ff50 2346   !   3       org.eclipse.core.internal.preferences.EclipsePreferences::getChild (92 bytes)
Event: 9.674 Thread 0x0000026a7025ff50 nmethod 2346 0x0000026a1c794810 code [0x0000026a1c794a20, 0x0000026a1c795348]
Event: 9.675 Thread 0x0000026a7025ff50 2347       3       org.eclipse.core.runtime.preferences.IEclipsePreferences$PreferenceChangeEvent::<init> (41 bytes)
Event: 9.676 Thread 0x0000026a7025ff50 nmethod 2347 0x0000026a1c795590 code [0x0000026a1c795760, 0x0000026a1c795cf8]
Event: 9.677 Thread 0x0000026a7025ff50 2348       3       org.eclipse.core.internal.preferences.EclipsePreferences::absolutePath (79 bytes)
Event: 9.682 Thread 0x0000026a7025ff50 nmethod 2348 0x0000026a1c795e90 code [0x0000026a1c796520, 0x0000026a1c79bb18]
Event: 9.683 Thread 0x0000026a7025ff50 2349       3       org.eclipse.core.internal.preferences.EclipsePreferences::firePreferenceEvent (60 bytes)
Event: 9.685 Thread 0x0000026a7025ff50 nmethod 2349 0x0000026a1c79ce90 code [0x0000026a1c79d1a0, 0x0000026a1c79e448]
Event: 9.685 Thread 0x0000026a7025ff50 2350       3       org.eclipse.core.internal.preferences.PreferencesService::getRootNode (4 bytes)
Event: 9.686 Thread 0x0000026a7025ff50 nmethod 2350 0x0000026a1c79eb90 code [0x0000026a1c79ed20, 0x0000026a1c79ee38]
Event: 9.686 Thread 0x0000026a7025ff50 2351       3       org.eclipse.core.internal.preferences.RootPreferences::node (7 bytes)

GC Heap History (9 events):
Event: 3.662 GC heap before
{Heap before GC invocations=1 (full 0):
 PSYoungGen      total 29696K, used 25600K [0x00000000eab00000, 0x00000000ecc00000, 0x0000000100000000)
  eden space 25600K, 100% used [0x00000000eab00000,0x00000000ec400000,0x00000000ec400000)
  from space 4096K, 0% used [0x00000000ec800000,0x00000000ec800000,0x00000000ecc00000)
  to   space 4096K, 0% used [0x00000000ec400000,0x00000000ec400000,0x00000000ec800000)
 ParOldGen       total 68608K, used 0K [0x00000000c0000000, 0x00000000c4300000, 0x00000000eab00000)
  object space 68608K, 0% used [0x00000000c0000000,0x00000000c0000000,0x00000000c4300000)
 Metaspace       used 4789K, committed 4928K, reserved 1114112K
  class space    used 452K, committed 512K, reserved 1048576K
}
Event: 3.676 GC heap after
{Heap after GC invocations=1 (full 0):
 PSYoungGen      total 29696K, used 3125K [0x00000000eab00000, 0x00000000ecc00000, 0x0000000100000000)
  eden space 25600K, 0% used [0x00000000eab00000,0x00000000eab00000,0x00000000ec400000)
  from space 4096K, 76% used [0x00000000ec400000,0x00000000ec70d4f8,0x00000000ec800000)
  to   space 4096K, 0% used [0x00000000ec800000,0x00000000ec800000,0x00000000ecc00000)
 ParOldGen       total 68608K, used 16K [0x00000000c0000000, 0x00000000c4300000, 0x00000000eab00000)
  object space 68608K, 0% used [0x00000000c0000000,0x00000000c0004000,0x00000000c4300000)
 Metaspace       used 4789K, committed 4928K, reserved 1114112K
  class space    used 452K, committed 512K, reserved 1048576K
}
Event: 5.587 GC heap before
{Heap before GC invocations=2 (full 0):
 PSYoungGen      total 29696K, used 28725K [0x00000000eab00000, 0x00000000ecc00000, 0x0000000100000000)
  eden space 25600K, 100% used [0x00000000eab00000,0x00000000ec400000,0x00000000ec400000)
  from space 4096K, 76% used [0x00000000ec400000,0x00000000ec70d4f8,0x00000000ec800000)
  to   space 4096K, 0% used [0x00000000ec800000,0x00000000ec800000,0x00000000ecc00000)
 ParOldGen       total 68608K, used 16K [0x00000000c0000000, 0x00000000c4300000, 0x00000000eab00000)
  object space 68608K, 0% used [0x00000000c0000000,0x00000000c0004000,0x00000000c4300000)
 Metaspace       used 8288K, committed 8448K, reserved 1114112K
  class space    used 806K, committed 896K, reserved 1048576K
}
Event: 5.649 GC heap after
{Heap after GC invocations=2 (full 0):
 PSYoungGen      total 29696K, used 4090K [0x00000000eab00000, 0x00000000ecc00000, 0x0000000100000000)
  eden space 25600K, 0% used [0x00000000eab00000,0x00000000eab00000,0x00000000ec400000)
  from space 4096K, 99% used [0x00000000ec800000,0x00000000ecbfe998,0x00000000ecc00000)
  to   space 4096K, 0% used [0x00000000ec400000,0x00000000ec400000,0x00000000ec800000)
 ParOldGen       total 68608K, used 812K [0x00000000c0000000, 0x00000000c4300000, 0x00000000eab00000)
  object space 68608K, 1% used [0x00000000c0000000,0x00000000c00cb350,0x00000000c4300000)
 Metaspace       used 8288K, committed 8448K, reserved 1114112K
  class space    used 806K, committed 896K, reserved 1048576K
}
Event: 7.656 GC heap before
{Heap before GC invocations=3 (full 0):
 PSYoungGen      total 29696K, used 29690K [0x00000000eab00000, 0x00000000ecc00000, 0x0000000100000000)
  eden space 25600K, 99% used [0x00000000eab00000,0x00000000ec3ffff0,0x00000000ec400000)
  from space 4096K, 99% used [0x00000000ec800000,0x00000000ecbfe998,0x00000000ecc00000)
  to   space 4096K, 0% used [0x00000000ec400000,0x00000000ec400000,0x00000000ec800000)
 ParOldGen       total 68608K, used 812K [0x00000000c0000000, 0x00000000c4300000, 0x00000000eab00000)
  object space 68608K, 1% used [0x00000000c0000000,0x00000000c00cb350,0x00000000c4300000)
 Metaspace       used 12952K, committed 13248K, reserved 1114112K
  class space    used 1295K, committed 1408K, reserved 1048576K
}
Event: 7.662 GC heap after
{Heap after GC invocations=3 (full 0):
 PSYoungGen      total 29696K, used 4070K [0x00000000eab00000, 0x00000000ecc00000, 0x0000000100000000)
  eden space 25600K, 0% used [0x00000000eab00000,0x00000000eab00000,0x00000000ec400000)
  from space 4096K, 99% used [0x00000000ec400000,0x00000000ec7f98c8,0x00000000ec800000)
  to   space 4096K, 0% used [0x00000000ec800000,0x00000000ec800000,0x00000000ecc00000)
 ParOldGen       total 68608K, used 2600K [0x00000000c0000000, 0x00000000c4300000, 0x00000000eab00000)
  object space 68608K, 3% used [0x00000000c0000000,0x00000000c028a3b0,0x00000000c4300000)
 Metaspace       used 12952K, committed 13248K, reserved 1114112K
  class space    used 1295K, committed 1408K, reserved 1048576K
}
Event: 8.540 GC heap before
{Heap before GC invocations=4 (full 0):
 PSYoungGen      total 29696K, used 29670K [0x00000000eab00000, 0x00000000ecc00000, 0x0000000100000000)
  eden space 25600K, 100% used [0x00000000eab00000,0x00000000ec400000,0x00000000ec400000)
  from space 4096K, 99% used [0x00000000ec400000,0x00000000ec7f98c8,0x00000000ec800000)
  to   space 4096K, 0% used [0x00000000ec800000,0x00000000ec800000,0x00000000ecc00000)
 ParOldGen       total 68608K, used 2600K [0x00000000c0000000, 0x00000000c4300000, 0x00000000eab00000)
  object space 68608K, 3% used [0x00000000c0000000,0x00000000c028a3b0,0x00000000c4300000)
 Metaspace       used 15616K, committed 16128K, reserved 1114112K
  class space    used 1538K, committed 1792K, reserved 1048576K
}
Event: 8.545 GC heap after
{Heap after GC invocations=4 (full 0):
 PSYoungGen      total 29696K, used 4094K [0x00000000eab00000, 0x00000000ecc00000, 0x0000000100000000)
  eden space 25600K, 0% used [0x00000000eab00000,0x00000000eab00000,0x00000000ec400000)
  from space 4096K, 99% used [0x00000000ec800000,0x00000000ecbffb00,0x00000000ecc00000)
  to   space 4096K, 0% used [0x00000000ec400000,0x00000000ec400000,0x00000000ec800000)
 ParOldGen       total 68608K, used 5303K [0x00000000c0000000, 0x00000000c4300000, 0x00000000eab00000)
  object space 68608K, 7% used [0x00000000c0000000,0x00000000c052dd90,0x00000000c4300000)
 Metaspace       used 15616K, committed 16128K, reserved 1114112K
  class space    used 1538K, committed 1792K, reserved 1048576K
}
Event: 9.686 GC heap before
{Heap before GC invocations=5 (full 0):
 PSYoungGen      total 29696K, used 29694K [0x00000000eab00000, 0x00000000ecc00000, 0x0000000100000000)
  eden space 25600K, 100% used [0x00000000eab00000,0x00000000ec400000,0x00000000ec400000)
  from space 4096K, 99% used [0x00000000ec800000,0x00000000ecbffb00,0x00000000ecc00000)
  to   space 4096K, 0% used [0x00000000ec400000,0x00000000ec400000,0x00000000ec800000)
 ParOldGen       total 68608K, used 5303K [0x00000000c0000000, 0x00000000c4300000, 0x00000000eab00000)
  object space 68608K, 7% used [0x00000000c0000000,0x00000000c052dd90,0x00000000c4300000)
 Metaspace       used 19950K, committed 20480K, reserved 1114112K
  class space    used 1844K, committed 2112K, reserved 1048576K
}

Dll operation events (10 events):
Event: 0.485 Loaded shared library C:\Users\Public\wpilib\2025\jdk\bin\java.dll
Event: 0.638 Loaded shared library C:\Users\Public\wpilib\2025\jdk\bin\jsvml.dll
Event: 1.063 Loaded shared library C:\Users\Public\wpilib\2025\jdk\bin\zip.dll
Event: 1.073 Loaded shared library C:\Users\Public\wpilib\2025\jdk\bin\instrument.dll
Event: 1.098 Loaded shared library C:\Users\Public\wpilib\2025\jdk\bin\net.dll
Event: 1.114 Loaded shared library C:\Users\Public\wpilib\2025\jdk\bin\nio.dll
Event: 1.127 Loaded shared library C:\Users\Public\wpilib\2025\jdk\bin\zip.dll
Event: 1.165 Loaded shared library C:\Users\Public\wpilib\2025\jdk\bin\jimage.dll
Event: 1.544 Loaded shared library C:\Users\Public\wpilib\2025\jdk\bin\verify.dll
Event: 5.333 Loaded shared library C:\Users\Public\wpilib\2025\vscode\data\user-data\User\globalStorage\redhat.java\1.38.0\config_ss_win\org.eclipse.equinox.launcher\org.eclipse.equinox.launcher.win32.win32.x86_64_1.2.1100.v20240722-2106\eclipse_11904.dll

Deoptimization events (20 events):
Event: 7.933 Thread 0x0000026a71ac0d10 Uncommon trap: trap_request=0xffffffc6 fr.pc=0x0000026a23e9c5b0 relative=0x0000000000001d10
Event: 7.933 Thread 0x0000026a71ac0d10 Uncommon trap: reason=bimorphic_or_optimized_type_check action=maybe_recompile pc=0x0000026a23e9c5b0 method=java.io.DataInputStream.readUnsignedShort()I @ 6 c2
Event: 7.933 Thread 0x0000026a71ac0d10 DEOPT PACKING pc=0x0000026a23e9c5b0 sp=0x0000007b82ef9200
Event: 7.933 Thread 0x0000026a71ac0d10 DEOPT UNPACKING pc=0x0000026a238a66a3 sp=0x0000007b82ef9180 mode 2
Event: 7.933 Thread 0x0000026a71ac0d10 Uncommon trap: trap_request=0xffffffc6 fr.pc=0x0000026a23e9c5b0 relative=0x0000000000001d10
Event: 7.933 Thread 0x0000026a71ac0d10 Uncommon trap: reason=bimorphic_or_optimized_type_check action=maybe_recompile pc=0x0000026a23e9c5b0 method=java.io.DataInputStream.readUnsignedShort()I @ 6 c2
Event: 7.933 Thread 0x0000026a71ac0d10 DEOPT PACKING pc=0x0000026a23e9c5b0 sp=0x0000007b82ef9200
Event: 7.933 Thread 0x0000026a71ac0d10 DEOPT UNPACKING pc=0x0000026a238a66a3 sp=0x0000007b82ef9180 mode 2
Event: 8.488 Thread 0x0000026a71ac0d10 Uncommon trap: trap_request=0xffffff45 fr.pc=0x0000026a23eca540 relative=0x0000000000000780
Event: 8.488 Thread 0x0000026a71ac0d10 Uncommon trap: reason=unstable_if action=reinterpret pc=0x0000026a23eca540 method=org.lombokweb.asm.ClassReader.readUTF8(I[C)Ljava/lang/String; @ 11 c2
Event: 8.488 Thread 0x0000026a71ac0d10 DEOPT PACKING pc=0x0000026a23eca540 sp=0x0000007b82eef300
Event: 8.488 Thread 0x0000026a71ac0d10 DEOPT UNPACKING pc=0x0000026a238a66a3 sp=0x0000007b82eef2e8 mode 2
Event: 9.337 Thread 0x0000026a71ac0d10 Uncommon trap: trap_request=0xffffff45 fr.pc=0x0000026a23ed44a8 relative=0x0000000000000128
Event: 9.337 Thread 0x0000026a71ac0d10 Uncommon trap: reason=unstable_if action=reinterpret pc=0x0000026a23ed44a8 method=org.lombokweb.asm.ByteVector.putByteArray([BII)Lorg/lombokweb/asm/ByteVector; @ 20 c2
Event: 9.337 Thread 0x0000026a71ac0d10 DEOPT PACKING pc=0x0000026a23ed44a8 sp=0x0000007b82eee9a0
Event: 9.337 Thread 0x0000026a71ac0d10 DEOPT UNPACKING pc=0x0000026a238a66a3 sp=0x0000007b82eee970 mode 2
Event: 9.337 Thread 0x0000026a71ac0d10 Uncommon trap: trap_request=0xffffff45 fr.pc=0x0000026a23ed3e30 relative=0x0000000000000310
Event: 9.337 Thread 0x0000026a71ac0d10 Uncommon trap: reason=unstable_if action=reinterpret pc=0x0000026a23ed3e30 method=org.lombokweb.asm.Label.resolve([BLorg/lombokweb/asm/ByteVector;I)Z @ 81 c2
Event: 9.337 Thread 0x0000026a71ac0d10 DEOPT PACKING pc=0x0000026a23ed3e30 sp=0x0000007b82eeea20
Event: 9.337 Thread 0x0000026a71ac0d10 DEOPT UNPACKING pc=0x0000026a238a66a3 sp=0x0000007b82eee928 mode 2

Classes loaded (20 events):
Event: 8.346 Loading class java/io/StringReader
Event: 8.347 Loading class java/io/StringReader done
Event: 8.361 Loading class java/util/zip/GZIPOutputStream
Event: 8.362 Loading class java/util/zip/GZIPOutputStream done
Event: 8.380 Loading class java/net/SocketTimeoutException
Event: 8.380 Loading class java/io/InterruptedIOException
Event: 8.381 Loading class java/io/InterruptedIOException done
Event: 8.381 Loading class java/net/SocketTimeoutException done
Event: 8.381 Loading class java/net/SocketException
Event: 8.381 Loading class java/net/SocketException done
Event: 8.381 Loading class java/net/UnknownHostException
Event: 8.381 Loading class java/net/UnknownHostException done
Event: 8.381 Loading class java/net/ProtocolException
Event: 8.382 Loading class java/net/ProtocolException done
Event: 8.435 Loading class java/lang/ThreadLocal$SuppliedThreadLocal
Event: 8.436 Loading class java/lang/ThreadLocal$SuppliedThreadLocal done
Event: 8.459 Loading class java/io/FileWriter
Event: 8.459 Loading class java/io/FileWriter done
Event: 8.567 Loading class java/lang/NegativeArraySizeException
Event: 8.568 Loading class java/lang/NegativeArraySizeException done

Classes unloaded (0 events):
No events

Classes redefined (0 events):
No events

Internal exceptions (20 events):
Event: 7.461 Thread 0x0000026a71ac0d10 Exception <a 'java/lang/NoSuchMethodError'{0x00000000ec2129b8}: 'java.lang.Object java.lang.invoke.Invokers$Holder.invokeExact_MT(java.lang.Object, java.lang.Object, java.lang.Object, java.lang.Object)'> (0x00000000ec2129b8) 
thrown [s\src\hotspot\share\interpreter\linkResolver.cpp, line 759]
Event: 7.622 Thread 0x0000026a71ac0d10 Exception <a 'java/io/FileNotFoundException'{0x00000000ec37efb8}> (0x00000000ec37efb8) 
thrown [s\src\hotspot\share\prims\jni.cpp, line 516]
Event: 7.627 Thread 0x0000026a71ac0d10 Exception <a 'java/io/FileNotFoundException'{0x00000000ec385ee8}> (0x00000000ec385ee8) 
thrown [s\src\hotspot\share\prims\jni.cpp, line 516]
Event: 7.936 Thread 0x0000026a71ac0d10 Exception <a 'java/lang/NoSuchMethodError'{0x00000000eae80948}: 'java.lang.Object java.lang.invoke.DirectMethodHandle$Holder.newInvokeSpecial(java.lang.Object, java.lang.Object, java.lang.Object, java.lang.Object, java.lang.Object)'> (0x00000000eae80948) 
thrown [s\src\hotspot\share\interpreter\linkResolver.cpp, line 759]
Event: 7.993 Thread 0x0000026a71ac0d10 Exception <a 'java/lang/NoSuchMethodError'{0x00000000eaf61f70}: 'java.lang.Object java.lang.invoke.DirectMethodHandle$Holder.invokeSpecial(java.lang.Object, java.lang.Object, java.lang.Object, long, java.lang.Object)'> (0x00000000eaf61f70) 
thrown [s\src\hotspot\share\interpreter\linkResolver.cpp, line 759]
Event: 7.996 Thread 0x0000026a71ac0d10 Exception <a 'java/lang/NoSuchMethodError'{0x00000000eaf6a128}: 'java.lang.Object java.lang.invoke.DirectMethodHandle$Holder.newInvokeSpecial(java.lang.Object, java.lang.Object, java.lang.Object, long)'> (0x00000000eaf6a128) 
thrown [s\src\hotspot\share\interpreter\linkResolver.cpp, line 759]
Event: 7.997 Thread 0x0000026a71ac0d10 Exception <a 'java/lang/NoSuchMethodError'{0x00000000eaf6e6c8}: 'java.lang.Object java.lang.invoke.DirectMethodHandle$Holder.invokeSpecial(java.lang.Object, java.lang.Object, java.lang.Object, java.lang.Object, long)'> (0x00000000eaf6e6c8) 
thrown [s\src\hotspot\share\interpreter\linkResolver.cpp, line 759]
Event: 7.998 Thread 0x0000026a71ac0d10 Exception <a 'java/lang/NoSuchMethodError'{0x00000000eaf72540}: 'java.lang.Object java.lang.invoke.Invokers$Holder.linkToTargetMethod(java.lang.Object, java.lang.Object, long, java.lang.Object)'> (0x00000000eaf72540) 
thrown [s\src\hotspot\share\interpreter\linkResolver.cpp, line 759]
Event: 8.031 Thread 0x0000026a71ac0d10 Exception <a 'java/lang/NoSuchMethodError'{0x00000000eafc4690}: 'int java.lang.invoke.DirectMethodHandle$Holder.invokeStaticInit(java.lang.Object, java.lang.Object, java.lang.Object)'> (0x00000000eafc4690) 
thrown [s\src\hotspot\share\interpreter\linkResolver.cpp, line 759]
Event: 8.075 Thread 0x0000026a71ac0d10 Exception <a 'java/lang/IncompatibleClassChangeError'{0x00000000eb077e60}: Found class java.lang.Object, but interface was expected> (0x00000000eb077e60) 
thrown [s\src\hotspot\share\interpreter\linkResolver.cpp, line 826]
Event: 8.076 Thread 0x0000026a71ac0d10 Exception <a 'java/lang/NoSuchMethodError'{0x00000000eb07bc70}: 'java.lang.Object java.lang.invoke.DirectMethodHandle$Holder.invokeSpecial(java.lang.Object, java.lang.Object, java.lang.Object, int, java.lang.Object, java.lang.Object)'> (0x00000000eb07bc70) 
thrown [s\src\hotspot\share\interpreter\linkResolver.cpp, line 759]
Event: 8.078 Thread 0x0000026a71ac0d10 Exception <a 'java/lang/NoSuchMethodError'{0x00000000eb099338}: 'java.lang.Object java.lang.invoke.DirectMethodHandle$Holder.newInvokeSpecial(java.lang.Object, java.lang.Object, java.lang.Object, int, java.lang.Object)'> (0x00000000eb099338) 
thrown [s\src\hotspot\share\interpreter\linkResolver.cpp, line 759]
Event: 8.079 Thread 0x0000026a71ac0d10 Exception <a 'java/lang/NoSuchMethodError'{0x00000000eb09d790}: 'java.lang.Object java.lang.invoke.DirectMethodHandle$Holder.invokeSpecial(java.lang.Object, java.lang.Object, java.lang.Object, java.lang.Object, int, java.lang.Object)'> (0x00000000eb09d790) 
thrown [s\src\hotspot\share\interpreter\linkResolver.cpp, line 759]
Event: 8.079 Thread 0x0000026a71ac0d10 Exception <a 'java/lang/NoSuchMethodError'{0x00000000eb0a1520}: 'java.lang.Object java.lang.invoke.Invokers$Holder.linkToTargetMethod(java.lang.Object, java.lang.Object, int, java.lang.Object, java.lang.Object)'> (0x00000000eb0a1520) 
thrown [s\src\hotspot\share\interpreter\linkResolver.cpp, line 759]
Event: 8.081 Thread 0x0000026a7043a7f0 Exception <a 'java/lang/NoSuchMethodError'{0x00000000eafc6ba0}: 'java.lang.Object java.lang.invoke.DirectMethodHandle$Holder.invokeSpecial(java.lang.Object, java.lang.Object, int, java.lang.Object, java.lang.Object)'> (0x00000000eafc6ba0) 
thrown [s\src\hotspot\share\interpreter\linkResolver.cpp, line 759]
Event: 8.082 Thread 0x0000026a7043a7f0 Exception <a 'java/lang/NoSuchMethodError'{0x00000000eafce270}: 'java.lang.Object java.lang.invoke.DirectMethodHandle$Holder.newInvokeSpecial(java.lang.Object, java.lang.Object, int, java.lang.Object)'> (0x00000000eafce270) 
thrown [s\src\hotspot\share\interpreter\linkResolver.cpp, line 759]
Event: 8.083 Thread 0x0000026a7043a7f0 Exception <a 'java/lang/NoSuchMethodError'{0x00000000eafd1d80}: 'java.lang.Object java.lang.invoke.DirectMethodHandle$Holder.invokeSpecial(java.lang.Object, java.lang.Object, java.lang.Object, int, java.lang.Object)'> (0x00000000eafd1d80) 
thrown [s\src\hotspot\share\interpreter\linkResolver.cpp, line 759]
Event: 8.274 Thread 0x0000026a71ac0d10 Exception <a 'java/lang/NoSuchMethodError'{0x00000000eb4aef48}: 'double java.lang.invoke.DirectMethodHandle$Holder.invokeStatic(java.lang.Object, java.lang.Object)'> (0x00000000eb4aef48) 
thrown [s\src\hotspot\share\interpreter\linkResolver.cpp, line 759]
Event: 8.275 Thread 0x0000026a71ac0d10 Exception <a 'java/lang/NoSuchMethodError'{0x00000000eb4b2860}: 'double java.lang.invoke.DirectMethodHandle$Holder.invokeStaticInit(java.lang.Object, java.lang.Object)'> (0x00000000eb4b2860) 
thrown [s\src\hotspot\share\interpreter\linkResolver.cpp, line 759]
Event: 9.337 Thread 0x0000026a71ac0d10 Implicit null exception at 0x0000026a23ed43c8 to 0x0000026a23ed4488

VM Operations (20 events):
Event: 4.777 Executing VM operation: HandshakeAllThreads done
Event: 5.547 Executing VM operation: HandshakeAllThreads
Event: 5.547 Executing VM operation: HandshakeAllThreads done
Event: 5.586 Executing VM operation: ParallelGCFailedAllocation
Event: 5.650 Executing VM operation: ParallelGCFailedAllocation done
Event: 6.658 Executing VM operation: Cleanup
Event: 6.659 Executing VM operation: Cleanup done
Event: 7.022 Executing VM operation: HandshakeAllThreads
Event: 7.022 Executing VM operation: HandshakeAllThreads done
Event: 7.436 Executing VM operation: HandshakeAllThreads
Event: 7.436 Executing VM operation: HandshakeAllThreads done
Event: 7.656 Executing VM operation: ParallelGCFailedAllocation
Event: 7.663 Executing VM operation: ParallelGCFailedAllocation done
Event: 8.120 Executing VM operation: HandshakeAllThreads
Event: 8.120 Executing VM operation: HandshakeAllThreads done
Event: 8.540 Executing VM operation: ParallelGCFailedAllocation
Event: 8.545 Executing VM operation: ParallelGCFailedAllocation done
Event: 9.545 Executing VM operation: Cleanup
Event: 9.545 Executing VM operation: Cleanup done
Event: 9.686 Executing VM operation: ParallelGCFailedAllocation

Events (20 events):
Event: 0.720 Thread 0x0000026a2db682b0 Thread added: 0x0000026a2db682b0
Event: 0.721 Thread 0x0000026a2db6a4b0 Thread added: 0x0000026a2db6a4b0
Event: 0.920 Thread 0x0000026a2db7d720 Thread added: 0x0000026a2db7d720
Event: 0.920 Thread 0x0000026a2db7e1f0 Thread added: 0x0000026a2db7e1f0
Event: 0.920 Thread 0x0000026a70255ff0 Thread added: 0x0000026a70255ff0
Event: 0.920 Thread 0x0000026a70259ce0 Thread added: 0x0000026a70259ce0
Event: 0.922 Thread 0x0000026a7025c9a0 Thread added: 0x0000026a7025c9a0
Event: 0.922 Thread 0x0000026a7025ff50 Thread added: 0x0000026a7025ff50
Event: 0.923 Thread 0x0000026a70272b60 Thread added: 0x0000026a70272b60
Event: 0.989 Thread 0x0000026a12efde60 Thread added: 0x0000026a12efde60
Event: 1.928 Thread 0x0000026a704e2070 Thread added: 0x0000026a704e2070
Event: 4.691 Thread 0x0000026a717af0a0 Thread added: 0x0000026a717af0a0
Event: 5.277 Thread 0x0000026a718223f0 Thread added: 0x0000026a718223f0
Event: 5.288 Thread 0x0000026a71ac0d10 Thread added: 0x0000026a71ac0d10
Event: 5.420 Thread 0x0000026a71a6c5a0 Thread added: 0x0000026a71a6c5a0
Event: 6.133 Thread 0x0000026a718b7cd0 Thread added: 0x0000026a718b7cd0
Event: 7.175 Thread 0x0000026a7043a2e0 Thread added: 0x0000026a7043a2e0
Event: 8.014 Thread 0x0000026a7043a7f0 Thread added: 0x0000026a7043a7f0
Event: 8.082 Thread 0x0000026a704393b0 Thread added: 0x0000026a704393b0
Event: 9.301 Thread 0x0000026a704398c0 Thread added: 0x0000026a704398c0


Dynamic libraries:
0x00007ff607530000 - 0x00007ff60753e000 	C:\Users\Public\wpilib\2025\jdk\bin\java.exe
0x00007ffca0ca0000 - 0x00007ffca0f08000 	C:\WINDOWS\SYSTEM32\ntdll.dll
0x00007ffc9ec00000 - 0x00007ffc9ecc9000 	C:\WINDOWS\System32\KERNEL32.DLL
0x00007ffc9e3f0000 - 0x00007ffc9e7e2000 	C:\WINDOWS\System32\KERNELBASE.dll
0x00007ffc9e920000 - 0x00007ffc9ea6b000 	C:\WINDOWS\System32\ucrtbase.dll
0x00007ffc80ce0000 - 0x00007ffc80cf7000 	C:\Users\Public\wpilib\2025\jdk\bin\jli.dll
0x00007ffca0880000 - 0x00007ffca0a45000 	C:\WINDOWS\System32\USER32.dll
0x00007ffc9e120000 - 0x00007ffc9e147000 	C:\WINDOWS\System32\win32u.dll
0x00007ffc9fb80000 - 0x00007ffc9fbab000 	C:\WINDOWS\System32\GDI32.dll
0x00007ffc9e7f0000 - 0x00007ffc9e91d000 	C:\WINDOWS\System32\gdi32full.dll
0x00007ffc9e340000 - 0x00007ffc9e3e3000 	C:\WINDOWS\System32\msvcp_win.dll
0x00007ffc80d30000 - 0x00007ffc80d4e000 	C:\Users\Public\wpilib\2025\jdk\bin\VCRUNTIME140.dll
0x00007ffc88500000 - 0x00007ffc88793000 	C:\WINDOWS\WinSxS\amd64_microsoft.windows.common-controls_6595b64144ccf1df_6.0.26100.6899_none_3e0efeeae32e88c1\COMCTL32.dll
0x00007ffc9fe50000 - 0x00007ffc9fef9000 	C:\WINDOWS\System32\msvcrt.dll
0x00007ffc9eb10000 - 0x00007ffc9eb3f000 	C:\WINDOWS\System32\IMM32.DLL
0x00007ffc89d50000 - 0x00007ffc89d5c000 	C:\Users\Public\wpilib\2025\jdk\bin\vcruntime140_1.dll
0x00007ffc73f20000 - 0x00007ffc73fad000 	C:\Users\Public\wpilib\2025\jdk\bin\msvcp140.dll
0x00007ffc0d8a0000 - 0x00007ffc0e50a000 	C:\Users\Public\wpilib\2025\jdk\bin\server\jvm.dll
0x00007ffc9f1e0000 - 0x00007ffc9f294000 	C:\WINDOWS\System32\ADVAPI32.dll
0x00007ffc9eb50000 - 0x00007ffc9ebf6000 	C:\WINDOWS\System32\sechost.dll
0x00007ffc9f2a0000 - 0x00007ffc9f3b8000 	C:\WINDOWS\System32\RPCRT4.dll
0x00007ffc9fbf0000 - 0x00007ffc9fc64000 	C:\WINDOWS\System32\WS2_32.dll
0x00007ffc948c0000 - 0x00007ffc948f5000 	C:\WINDOWS\SYSTEM32\WINMM.dll
0x00007ffc9dc90000 - 0x00007ffc9dcee000 	C:\WINDOWS\SYSTEM32\POWRPROF.dll
0x00007ffc84c90000 - 0x00007ffc84c9b000 	C:\WINDOWS\SYSTEM32\VERSION.dll
0x00007ffc9dc70000 - 0x00007ffc9dc84000 	C:\WINDOWS\SYSTEM32\UMPDC.dll
0x00007ffc9cc00000 - 0x00007ffc9cc1b000 	C:\WINDOWS\SYSTEM32\kernel.appcore.dll
0x00007ffc89ad0000 - 0x00007ffc89ada000 	C:\Users\Public\wpilib\2025\jdk\bin\jimage.dll
0x00007ffc98bc0000 - 0x00007ffc98e02000 	C:\WINDOWS\SYSTEM32\DBGHELP.DLL
0x00007ffca0010000 - 0x00007ffca038b000 	C:\WINDOWS\System32\combase.dll
0x00007ffc9fc70000 - 0x00007ffc9fd47000 	C:\WINDOWS\System32\OLEAUT32.dll
0x00007ffc87230000 - 0x00007ffc8726c000 	C:\WINDOWS\SYSTEM32\dbgcore.DLL
0x00007ffc9e2a0000 - 0x00007ffc9e338000 	C:\WINDOWS\System32\bcryptPrimitives.dll
0x00007ffc89690000 - 0x00007ffc8969e000 	C:\Users\Public\wpilib\2025\jdk\bin\instrument.dll
0x00007ffc779c0000 - 0x00007ffc779e5000 	C:\Users\Public\wpilib\2025\jdk\bin\java.dll
0x00007ffc537b0000 - 0x00007ffc53887000 	C:\Users\Public\wpilib\2025\jdk\bin\jsvml.dll
0x00007ffc9f430000 - 0x00007ffc9fb7d000 	C:\WINDOWS\System32\SHELL32.dll
0x00007ffc9de30000 - 0x00007ffc9df9b000 	C:\WINDOWS\System32\wintypes.dll
0x00007ffc9ba50000 - 0x00007ffc9c2ad000 	C:\WINDOWS\SYSTEM32\windows.storage.dll
0x00007ffca0780000 - 0x00007ffca0872000 	C:\WINDOWS\System32\SHCORE.dll
0x00007ffc9f3c0000 - 0x00007ffc9f422000 	C:\WINDOWS\System32\shlwapi.dll
0x00007ffc9dd50000 - 0x00007ffc9dd79000 	C:\WINDOWS\SYSTEM32\profapi.dll
0x00007ffc7d0f0000 - 0x00007ffc7d108000 	C:\Users\Public\wpilib\2025\jdk\bin\zip.dll
0x00007ffc77790000 - 0x00007ffc777a9000 	C:\Users\Public\wpilib\2025\jdk\bin\net.dll
0x00007ffc93f60000 - 0x00007ffc9407f000 	C:\WINDOWS\SYSTEM32\WINHTTP.dll
0x00007ffc9d170000 - 0x00007ffc9d1db000 	C:\WINDOWS\system32\mswsock.dll
0x00007ffc7d1b0000 - 0x00007ffc7d1c6000 	C:\Users\Public\wpilib\2025\jdk\bin\nio.dll
0x00007ffc89620000 - 0x00007ffc89630000 	C:\Users\Public\wpilib\2025\jdk\bin\verify.dll
0x00007ffc71ec0000 - 0x00007ffc71f05000 	C:\Users\Public\wpilib\2025\vscode\data\user-data\User\globalStorage\redhat.java\1.38.0\config_ss_win\org.eclipse.equinox.launcher\org.eclipse.equinox.launcher.win32.win32.x86_64_1.2.1100.v20240722-2106\eclipse_11904.dll
0x00007ffca0390000 - 0x00007ffca0528000 	C:\WINDOWS\System32\ole32.dll

dbghelp: loaded successfully - version: 4.0.5 - missing functions: none
symbol engine: initialized successfully - sym options: 0x614 - pdb path: .;C:\Users\Public\wpilib\2025\jdk\bin;C:\WINDOWS\SYSTEM32;C:\WINDOWS\WinSxS\amd64_microsoft.windows.common-controls_6595b64144ccf1df_6.0.26100.6899_none_3e0efeeae32e88c1;C:\Users\Public\wpilib\2025\jdk\bin\server;C:\Users\Public\wpilib\2025\vscode\data\user-data\User\globalStorage\redhat.java\1.38.0\config_ss_win\org.eclipse.equinox.launcher\org.eclipse.equinox.launcher.win32.win32.x86_64_1.2.1100.v20240722-2106

VM Arguments:
jvm_args: --add-modules=ALL-SYSTEM --add-opens=java.base/java.util=ALL-UNNAMED --add-opens=java.base/java.lang=ALL-UNNAMED --add-opens=java.base/sun.nio.fs=ALL-UNNAMED -Declipse.application=org.eclipse.jdt.ls.core.id1 -Dosgi.bundles.defaultStartLevel=4 -Declipse.product=org.eclipse.jdt.ls.core.product -Djava.import.generatesMetadataFilesAtProjectRoot=false -DDetectVMInstallationsJob.disabled=true -Dfile.encoding=utf8 -XX:+UseParallelGC -XX:GCTimeRatio=4 -XX:AdaptiveSizePolicyWeight=90 -Dsun.zip.disableMemoryMapping=true -Xmx1G -Xms100m -Xlog:disable -javaagent:c:\Users\Public\wpilib\2025\vscode\data\extensions\redhat.java-1.38.0\lombok\lombok-1.18.34.jar 
java_command: c:\Users\Public\wpilib\2025\vscode\data\extensions\redhat.java-1.38.0\server\plugins\org.eclipse.equinox.launcher_1.6.900.v20240613-2009.jar -configuration c:\Users\Public\wpilib\2025\vscode\data\user-data\User\globalStorage\redhat.java\1.38.0\config_ss_win -data c:\Users\Public\wpilib\2025\vscode\data\user-data\User\workspaceStorage\2525eb747b7a99be1ce0f367022c7b54\redhat.java\ss_ws --pipe=\\.\pipe\lsp-02a5f62c7afb51d71b3656a881e336a7-sock
java_class_path (initial): c:\Users\Public\wpilib\2025\vscode\data\extensions\redhat.java-1.38.0\server\plugins\org.eclipse.equinox.launcher_1.6.900.v20240613-2009.jar
Launcher Type: SUN_STANDARD

[Global flags]
    uintx AdaptiveSizePolicyWeight                 = 90                                        {product} {command line}
     intx CICompilerCount                          = 4                                         {product} {ergonomic}
    uintx GCTimeRatio                              = 4                                         {product} {command line}
   size_t InitialHeapSize                          = 104857600                                 {product} {command line}
   size_t MaxHeapSize                              = 1073741824                                {product} {command line}
   size_t MaxNewSize                               = 357564416                                 {product} {ergonomic}
   size_t MinHeapDeltaBytes                        = 524288                                    {product} {ergonomic}
   size_t MinHeapSize                              = 104857600                                 {product} {command line}
   size_t NewSize                                  = 34603008                                  {product} {ergonomic}
    uintx NonNMethodCodeHeapSize                   = 5839372                                {pd product} {ergonomic}
    uintx NonProfiledCodeHeapSize                  = 122909434                              {pd product} {ergonomic}
   size_t OldSize                                  = 70254592                                  {product} {ergonomic}
    uintx ProfiledCodeHeapSize                     = 122909434                              {pd product} {ergonomic}
    uintx ReservedCodeCacheSize                    = 251658240                              {pd product} {ergonomic}
     bool SegmentedCodeCache                       = true                                      {product} {ergonomic}
   size_t SoftMaxHeapSize                          = 1073741824                             {manageable} {ergonomic}
     bool UseCompressedClassPointers               = true                           {product lp64_product} {ergonomic}
     bool UseCompressedOops                        = true                           {product lp64_product} {ergonomic}
     bool UseLargePagesIndividualAllocation        = false                                  {pd product} {ergonomic}
     bool UseParallelGC                            = true                                      {product} {command line}

Logging:
Log output configuration:
 #0: stdout all=off uptime,level,tags
 #1: stderr all=off uptime,level,tags

Environment Variables:
JAVA_HOME=C:\Program Files (x86)\Java\jre1.8.0_441
PATH=C:\Program Files\Python311\Scripts\;C:\Program Files\Python311\;C:\WINDOWS\system32;C:\WINDOWS;C:\WINDOWS\System32\Wbem;C:\WINDOWS\System32\WindowsPowerShell\v1.0\;C:\WINDOWS\System32\OpenSSH\;C:\Program Files (x86)\Java\jre1.8.0_441\bin;C:\Program Files\nodejs\;C:\Program Files\Git\cmd;C:\Program Files (x86)\Windows Kits\10\Windows Performance Toolkit\;C:\Users\aydin\AppData\Local\Programs\Python\Python310\Scripts\;C:\Users\aydin\AppData\Local\Programs\Python\Python310\;C:\Users\aydin\AppData\Local\Microsoft\WindowsApps;C:\Program Files\JetBrains\PyCharm Community Edition 2022.2\bin;;C:\Users\aydin\AppData\Local\Programs\Microsoft VS Code\bin;C:\Users\aydin\AppData\Local\GitHubDesktop\bin;C:\Users\aydin\AppData\Roaming\npm
USERNAME=aydin
OS=Windows_NT
PROCESSOR_IDENTIFIER=Intel64 Family 6 Model 154 Stepping 4, GenuineIntel
TMP=C:\Users\aydin\AppData\Local\Temp
TEMP=C:\Users\aydin\AppData\Local\Temp



Periodic native trim disabled


---------------  S Y S T E M  ---------------

OS:
 Windows 11 , 64 bit Build 26100 (10.0.26100.6725)
OS uptime: 1 days 16:21 hours
Hyper-V role detected

CPU: total 12 (initial active 12) (6 cores per cpu, 2 threads per core) family 6 model 154 stepping 4 microcode 0x424, cx8, cmov, fxsr, ht, mmx, 3dnowpref, sse, sse2, sse3, ssse3, sse4.1, sse4.2, popcnt, lzcnt, tsc, tscinvbit, avx, avx2, aes, erms, clmul, bmi1, bmi2, adx, sha, fma, vzeroupper, clflush, clflushopt, clwb, hv
Processor Information for processor 0
  Max Mhz: 1300, Current Mhz: 1300, Mhz Limit: 1300
Processor Information for processor 1
  Max Mhz: 1300, Current Mhz: 1300, Mhz Limit: 1300
Processor Information for processor 2
  Max Mhz: 1300, Current Mhz: 1300, Mhz Limit: 1300
Processor Information for processor 3
  Max Mhz: 1300, Current Mhz: 1300, Mhz Limit: 1300
Processor Information for processor 4
  Max Mhz: 900, Current Mhz: 900, Mhz Limit: 900
Processor Information for processor 5
  Max Mhz: 900, Current Mhz: 900, Mhz Limit: 900
Processor Information for processor 6
  Max Mhz: 900, Current Mhz: 900, Mhz Limit: 900
Processor Information for processor 7
  Max Mhz: 900, Current Mhz: 900, Mhz Limit: 900
Processor Information for processor 8
  Max Mhz: 900, Current Mhz: 900, Mhz Limit: 900
Processor Information for processor 9
  Max Mhz: 900, Current Mhz: 900, Mhz Limit: 900
Processor Information for processor 10
  Max Mhz: 900, Current Mhz: 900, Mhz Limit: 900
Processor Information for processor 11
  Max Mhz: 900, Current Mhz: 900, Mhz Limit: 900

Memory: 4k page, system-wide physical 7916M (186M free)
TotalPageFile size 32492M (AvailPageFile size 0M)
current process WorkingSet (physical memory assigned to process): 127M, peak: 130M
current process commit charge ("private bytes"): 248M, peak: 254M

vm_info: OpenJDK 64-Bit Server VM (17.0.12+7) for windows-amd64 JRE (17.0.12+7), built on Jul 16 2024 22:08:24 by "admin" with MS VC++ 16.10 / 16.11 (VS2019)

END.
